<object-stream>
<org.drools.audit.event.ActivationLogEvent>
  <type>4</type>
  <activationId>Test [1]</activationId>
  <rule>Test</rule>
  <declarations>item=com.sample.DroolsTest$Pump@3527942a(1)</declarations>
</org.drools.audit.event.ActivationLogEvent>
<org.drools.audit.event.ObjectLogEvent>
  <type>1</type>
  <factId>1</factId>
  <objectToString>com.sample.DroolsTest$Pump@3527942a</objectToString>
</org.drools.audit.event.ObjectLogEvent>
<org.drools.audit.event.ActivationLogEvent>
  <type>6</type>
  <activationId>Test [1]</activationId>
  <rule>Test</rule>
  <declarations>item=com.sample.DroolsTest$Pump@3527942a(1)</declarations>
</org.drools.audit.event.ActivationLogEvent>
<org.drools.audit.event.ActivationLogEvent>
  <type>7</type>
  <activationId>Test [1]</activationId>
  <rule>Test</rule>
  <declarations>item=com.sample.DroolsTest$Pump@3527942a(1)</declarations>
</org.drools.audit.event.ActivationLogEvent>
</object-stream>